// Jest Snapshot v1, https://goo.gl/fbAQLP

exports[`TheDate Component renders the UI as expected 1`] = `
<div>
   
  10/16/2020, 7:46:35 PM
   
</div>
`;
